
> my-v0-project@0.1.0 build
> next build

   Γû▓ Next.js 15.1.0
   - Environments: .env.local, .env.production, .env

   Creating an optimized production build ...
node.exe : Failed to compile.
At C:\Program Files\nodejs\npm.ps1:29 char:3
+   & $NODE_EXE $NPM_CLI_JS $args
+   ~~~~~~~~~~~~~~~~~~~~~~~~~~~~~
    + CategoryInfo          : NotSpecified: (Failed to compile.:String) [], Re 
   moteException
    + FullyQualifiedErrorId : NativeCommandError
 

./lib/auth-helpers.ts
Module not found: Can't resolve '@/lib/prisma'

https://nextjs.org/docs/messages/module-not-found

Import trace for requested module:
./app/api/socket-status/route.ts

./lib/auth.ts
Module not found: Can't resolve '@next-auth/prisma-adapter'

https://nextjs.org/docs/messages/module-not-found

Import trace for requested module:
./lib/auth-helpers.ts
./app/api/socket-status/route.ts

./lib/auth.ts
Module not found: Can't resolve '@/lib/prisma'

https://nextjs.org/docs/messages/module-not-found

Import trace for requested module:
./lib/auth-helpers.ts
./app/api/socket-status/route.ts


> Build failed because of webpack errors
